<html>
<body>
<pre>
<h1>µVision Build Log</h1>
<h2>Project:</h2>
E:\ComputerArchitecture\Laboratories\Lab10\sample_BUTTON_LED_NVIC_PCON_TIMER\sample.uvproj
Project File Date:  12/13/2018

<h2>Output:</h2>
Build target 'Target 1'
assembling startup_LPC17xx.s...
compiling sample.c...
sample.c(20): error:  #101: "Red" has already been declared in the current scope
sample.c(20): error:  #101: "Green" has already been declared in the current scope
sample.c(23): warning:  #188-D: enumerated type mixed with another type
sample.c(24): error:  #70: incomplete type is not allowed
sample.c(48): error:  #1113: Inline assembler not permitted when generating Thumb code
compiling core_cm3.c...
compiling system_LPC17xx.c...
compiling funct_led.c...
compiling lib_led.c...
compiling IRQ_button.c...
compiling lib_button.c...
compiling IRQ_timer.c...
compiling lib_timer.c...
Target not created
Build target 'Target 1'
compiling sample.c...
sample.c(21): error:  #70: incomplete type is not allowed
sample.c(22): error:  #70: incomplete type is not allowed
sample.c(46): error:  #1113: Inline assembler not permitted when generating Thumb code
Target not created
Build target 'Target 1'
compiling sample.c...
sample.c(46): error:  #1113: Inline assembler not permitted when generating Thumb code
Target not created
Build target 'Target 1'
compiling sample.c...
sample.c(20): error:  #101: "GreenCar" has already been declared in the current scope
sample.c(20): error:  #101: "YellowCar" has already been declared in the current scope
sample.c(22): error:  #65: expected a ";"
compiling lib_led.c...
compiling IRQ_button.c...
button_EXINT\IRQ_button.c(6): warning:  #1000-D: a storage class may not be specified here
button_EXINT\IRQ_button.c(10): warning:  #223-D: function "buttonPressed" declared implicitly
button_EXINT\IRQ_button.c(16): warning:  #223-D: function "buttonPressed" declared implicitly
Target not created
Build target 'Target 1'
compiling sample.c...
sample.c(22): error:  #65: expected a ";"
sample.c(22): error:  #20: identifier "GreenPedestrian" is undefined
Target not created
Build target 'Target 1'
compiling sample.c...
sample.c(22): error:  #65: expected a ";"
sample.c(22): error:  #20: identifier "GreenPedestrian" is undefined
Target not created
Build target 'Target 1'
compiling sample.c...
sample.c(22): error:  #20: identifier "GreenPedestrian" is undefined
Target not created
Build target 'Target 1'
compiling sample.c...
linking...
sample.axf: Error: L6218E: Undefined symbol buttonPressed (referred from irq_button.o).
Target not created
Build target 'Target 1'
compiling sample.c...
compiling funct_led.c...
led\funct_led.c(52): warning:  #1-D: last line of file ends without a newline
compiling lib_led.c...
linking...
sample.axf: Error: L6218E: Undefined symbol buttonPressed (referred from irq_button.o).
Target not created
Build target 'Target 1'
compiling IRQ_button.c...
button_EXINT\IRQ_button.c(6): warning:  #1000-D: a storage class may not be specified here
button_EXINT\IRQ_button.c(10): warning:  #223-D: function "buttonPressed" declared implicitly
button_EXINT\IRQ_button.c(16): warning:  #223-D: function "buttonPressed" declared implicitly
button_EXINT\IRQ_button.c(20): error:  #159: declaration is incompatible with previous "buttonPressed" (declared at line 10)
Target not created
Build target 'Target 1'
compiling IRQ_button.c...
button_EXINT\IRQ_button.c(6): warning:  #1000-D: a storage class may not be specified here
button_EXINT\IRQ_button.c(10): warning:  #223-D: function "porcoDio" declared implicitly
button_EXINT\IRQ_button.c(16): warning:  #223-D: function "porcoDio" declared implicitly
button_EXINT\IRQ_button.c(20): error:  #159: declaration is incompatible with previous "porcoDio" (declared at line 10)
Target not created
Build target 'Target 1'
compiling IRQ_button.c...
button_EXINT\IRQ_button.c(6): warning:  #1000-D: a storage class may not be specified here
linking...
Program Size: Code=1600 RO-data=268 RW-data=4 ZI-data=612  
"sample.axf" - 0 Error(s), 1 Warning(s).
Build target 'Target 1'
compiling IRQ_button.c...
button_EXINT\IRQ_button.c(6): warning:  #1000-D: a storage class may not be specified here
linking...
Program Size: Code=1600 RO-data=268 RW-data=4 ZI-data=612  
"sample.axf" - 0 Error(s), 1 Warning(s).
Build target 'Target 1'
compiling IRQ_button.c...
linking...
Program Size: Code=1600 RO-data=268 RW-data=4 ZI-data=612  
"sample.axf" - 0 Error(s), 0 Warning(s).
Build target 'Target 1'
compiling sample.c...
sample.c(24): warning:  #40-D: expected an identifier
sample.c(25): error:  #618: struct or union declares no named members
Target not created
Build target 'Target 1'
compiling sample.c...
sample.c(23): error:  #65: expected a ";"
Target not created
Build target 'Target 1'
compiling sample.c...
sample.c(23): error:  #65: expected a ";"
Target not created
Build target 'Target 1'
compiling sample.c...
sample.c(23): error:  #65: expected a ";"
Target not created
Build target 'Target 1'
compiling sample.c...
sample.c(23): error:  #65: expected a ";"
Target not created
Build target 'Target 1'
compiling sample.c...
linking...
Program Size: Code=1620 RO-data=268 RW-data=8 ZI-data=608  
"sample.axf" - 0 Error(s), 0 Warning(s).
Build target 'Target 1'
compiling sample.c...
sample.c(24): error:  #235: variable "myLogic" was declared with a never-completed type
compiling IRQ_timer.c...
Target not created
Build target 'Target 1'
compiling sample.c...
linking...
Program Size: Code=1600 RO-data=268 RW-data=4 ZI-data=612  
"sample.axf" - 0 Error(s), 0 Warning(s).
Build target 'Target 1'
compiling IRQ_timer.c...
timer\IRQ_timer.c(26): error:  #70: incomplete type is not allowed
timer\IRQ_timer.c(27): error:  #20: identifier "GoPedestrian" is undefined
timer\IRQ_timer.c(28): error:  #20: identifier "ChangingPed" is undefined
timer\IRQ_timer.c(29): error:  #20: identifier "GoCar" is undefined
timer\IRQ_timer.c(30): error:  #20: identifier "ChangingCar" is undefined
Target not created
Build target 'Target 1'
compiling IRQ_timer.c...
timer\IRQ_timer.c(12): warning:  #1000-D: a storage class may not be specified here
timer\IRQ_timer.c(26): error:  #70: incomplete type is not allowed
timer\IRQ_timer.c(27): error:  #20: identifier "GoPedestrian" is undefined
timer\IRQ_timer.c(28): error:  #20: identifier "ChangingPed" is undefined
timer\IRQ_timer.c(29): error:  #20: identifier "GoCar" is undefined
timer\IRQ_timer.c(30): error:  #20: identifier "ChangingCar" is undefined
Target not created
Build target 'Target 1'
compiling IRQ_timer.c...
timer\IRQ_timer.c(26): error:  #70: incomplete type is not allowed
timer\IRQ_timer.c(27): error:  #20: identifier "GoPedestrian" is undefined
timer\IRQ_timer.c(28): error:  #20: identifier "ChangingPed" is undefined
timer\IRQ_timer.c(29): error:  #20: identifier "GoCar" is undefined
timer\IRQ_timer.c(30): error:  #20: identifier "ChangingCar" is undefined
Target not created
Build target 'Target 1'
compiling IRQ_timer.c...
timer\IRQ_timer.c(12): warning:  #1000-D: a storage class may not be specified here
timer\IRQ_timer.c(26): error:  #70: incomplete type is not allowed
timer\IRQ_timer.c(27): error:  #20: identifier "GoPedestrian" is undefined
timer\IRQ_timer.c(28): error:  #20: identifier "ChangingPed" is undefined
timer\IRQ_timer.c(29): error:  #20: identifier "GoCar" is undefined
timer\IRQ_timer.c(30): error:  #20: identifier "ChangingCar" is undefined
Target not created
Build target 'Target 1'
compiling sample.c...
config/config.h(7): warning:  #1-D: last line of file ends without a newline
compiling IRQ_timer.c...
timer\IRQ_timer.c(12): warning:  #1000-D: a storage class may not be specified here
timer\IRQ_timer.c(26): error:  #70: incomplete type is not allowed
timer\IRQ_timer.c(27): error:  #20: identifier "GoPedestrian" is undefined
timer\IRQ_timer.c(28): error:  #20: identifier "ChangingPed" is undefined
timer\IRQ_timer.c(29): error:  #20: identifier "GoCar" is undefined
timer\IRQ_timer.c(30): error:  #20: identifier "ChangingCar" is undefined
Target not created
Build target 'Target 1'
compiling IRQ_timer.c...
timer\../config/config.h(7): warning:  #1-D: last line of file ends without a newline
linking...
Program Size: Code=1600 RO-data=268 RW-data=4 ZI-data=612  
"sample.axf" - 0 Error(s), 1 Warning(s).
Build target 'Target 1'
compiling sample.c...
compiling IRQ_timer.c...
linking...
Program Size: Code=1600 RO-data=268 RW-data=4 ZI-data=612  
"sample.axf" - 0 Error(s), 0 Warning(s).
Build target 'Target 1'
compiling IRQ_button.c...
compiling IRQ_timer.c...
linking...
Program Size: Code=1632 RO-data=268 RW-data=8 ZI-data=608  
"sample.axf" - 0 Error(s), 0 Warning(s).
